# serializer version: 1
# name: test_chunk
  list([
    '''
      # Title
      ## Title2
      The quick brown fox
    ''',
    '''
      # Title
      ## Title2
      fox jumps over the
    ''',
    '''
      # Title
      ## Title2
      the lazy dog
    ''',
  ])
# ---
# name: test_embed
  list([
    list([
      -8,
      1,
      3,
      2,
      1,
      6,
      9,
      0,
      0,
      -2,
      0,
      -5,
      1,
      3,
      -2,
      -3,
      1,
      -2,
      -2,
      4,
      7,
      2,
      -5,
      -3,
      4,
      2,
      0,
      -5,
      -4,
      -19,
      0,
      -7,
      4,
      -5,
      2,
      -3,
      -4,
      1,
      -3,
      2,
      5,
      -1,
      -1,
      -4,
      -1,
      -2,
      -2,
      -1,
      1,
      -3,
      1,
      -4,
      1,
      -1,
      1,
      5,
      5,
      1,
      3,
      2,
      2,
      3,
      -20,
      9,
      4,
      2,
      -4,
      -2,
      4,
      1,
      -4,
      3,
      3,
      7,
      1,
      -3,
      -1,
      -7,
      2,
      1,
      -2,
      -5,
      0,
      0,
      -1,
      -6,
      0,
      0,
      6,
      2,
      -1,
      0,
      -2,
      1,
      -3,
      -4,
      3,
      0,
      -1,
      25,
      -7,
      2,
      1,
      -4,
      0,
      -4,
      1,
      -6,
      -2,
      -2,
      0,
      -3,
      7,
      -3,
      0,
      0,
      5,
      4,
      -1,
      2,
      0,
      1,
      1,
      -7,
      7,
      -7,
      6,
      11,
      2,
      1,
      4,
      -3,
      -7,
      -1,
      -2,
      2,
      0,
      1,
      1,
      0,
      -3,
      -12,
      0,
      -8,
      -7,
      4,
      -3,
      7,
      -4,
      0,
      0,
      4,
      -4,
      -3,
      1,
      0,
      2,
      3,
      -5,
      3,
      -1,
      -4,
      -6,
      6,
      0,
      -5,
      -3,
      0,
      2,
      -3,
      5,
      2,
      -7,
      1,
      1,
      0,
      -1,
      2,
      0,
      0,
      6,
      -2,
      -3,
      6,
      4,
      0,
      -1,
      -5,
      3,
      3,
      -1,
      6,
      -7,
      0,
      -3,
      -3,
      0,
      -1,
      2,
      -1,
      5,
      0,
      1,
      5,
      0,
      8,
      0,
      -1,
      4,
      4,
      -3,
      0,
      0,
      0,
      -2,
      -1,
      1,
      1,
      0,
      6,
      0,
      -7,
      0,
      -24,
      0,
      2,
      0,
      7,
      -3,
      1,
      0,
      4,
      2,
      6,
      0,
      -1,
      2,
      0,
      4,
      1,
      -1,
      1,
      2,
      0,
      0,
      1,
      -3,
      7,
      -4,
      22,
      9,
      1,
      -1,
      3,
      1,
      0,
      -9,
      4,
      5,
      -1,
      0,
      -6,
      -3,
      -4,
      0,
      0,
      -8,
      -1,
      -1,
      0,
      4,
      -7,
      0,
      3,
      -8,
      0,
      4,
      2,
      -2,
      -11,
      -4,
      -2,
      0,
      0,
      2,
      4,
      -1,
      5,
      2,
      -2,
      -6,
      5,
      -1,
      2,
      4,
      -1,
      -2,
      3,
      2,
      3,
      -3,
      0,
      -2,
      1,
      0,
      0,
      2,
      2,
      1,
      3,
      -2,
      5,
      -5,
      0,
      3,
      -5,
      -8,
      0,
      0,
      -27,
      4,
      0,
      2,
      -5,
      0,
      2,
      3,
      -10,
      1,
      4,
      5,
      3,
      -1,
      0,
      5,
      7,
      -5,
      3,
      -7,
      0,
      0,
      19,
      -3,
      3,
      2,
      2,
      0,
      7,
      -2,
      6,
      -1,
      5,
      -6,
      2,
      2,
      -3,
      6,
      2,
      -1,
      0,
      -1,
      -4,
      0,
      14,
      -1,
      -2,
      -5,
      -3,
      0,
      -3,
      -2,
      0,
      0,
      5,
      4,
      -3,
      -5,
      -2,
      -4,
      0,
      -4,
      1,
      9,
      3,
    ]),
    list([
      -8,
      2,
      4,
      0,
      2,
      4,
      6,
      2,
      0,
      -5,
      0,
      -9,
      1,
      2,
      -1,
      2,
      -2,
      0,
      -6,
      4,
      4,
      1,
      -3,
      -4,
      3,
      4,
      -3,
      -5,
      -3,
      -21,
      0,
      -7,
      0,
      -6,
      1,
      -5,
      -4,
      1,
      -3,
      2,
      2,
      -2,
      -3,
      -4,
      -2,
      -2,
      -2,
      -2,
      5,
      -2,
      3,
      -5,
      3,
      0,
      2,
      1,
      4,
      2,
      0,
      4,
      2,
      3,
      -21,
      5,
      7,
      2,
      -7,
      -2,
      3,
      8,
      0,
      2,
      2,
      7,
      0,
      -1,
      -2,
      -4,
      0,
      0,
      -3,
      -2,
      1,
      0,
      0,
      -2,
      -2,
      0,
      4,
      2,
      0,
      -2,
      1,
      2,
      -5,
      -3,
      1,
      0,
      -2,
      26,
      -7,
      0,
      1,
      -4,
      3,
      -2,
      -2,
      -5,
      -4,
      -1,
      3,
      -3,
      5,
      -3,
      0,
      4,
      5,
      0,
      -1,
      1,
      0,
      0,
      4,
      -9,
      4,
      -7,
      5,
      11,
      0,
      0,
      4,
      -6,
      -4,
      0,
      -1,
      1,
      0,
      0,
      5,
      0,
      -3,
      -11,
      -1,
      -9,
      -4,
      7,
      -1,
      6,
      -3,
      2,
      -1,
      6,
      -1,
      -1,
      3,
      0,
      4,
      3,
      -1,
      2,
      -1,
      -4,
      -7,
      6,
      1,
      -4,
      -3,
      2,
      1,
      -2,
      7,
      2,
      -8,
      -2,
      1,
      -2,
      -3,
      4,
      0,
      3,
      3,
      0,
      -5,
      5,
      4,
      -2,
      0,
      -7,
      2,
      5,
      -1,
      5,
      -5,
      3,
      -2,
      -4,
      -2,
      -1,
      -1,
      -4,
      3,
      -1,
      1,
      4,
      3,
      6,
      2,
      -4,
      5,
      1,
      -3,
      0,
      5,
      -2,
      -1,
      0,
      0,
      1,
      0,
      6,
      0,
      -4,
      3,
      -24,
      -2,
      2,
      -1,
      5,
      -4,
      2,
      2,
      2,
      5,
      3,
      0,
      -3,
      3,
      1,
      4,
      2,
      1,
      1,
      0,
      0,
      4,
      1,
      -3,
      5,
      -3,
      19,
      7,
      2,
      -6,
      4,
      4,
      2,
      -9,
      7,
      4,
      0,
      2,
      -6,
      -5,
      -4,
      1,
      1,
      -5,
      0,
      -2,
      0,
      3,
      -4,
      1,
      2,
      -5,
      0,
      -2,
      2,
      -4,
      -11,
      -2,
      -2,
      2,
      0,
      0,
      2,
      -2,
      6,
      2,
      -2,
      -4,
      2,
      -1,
      1,
      3,
      0,
      -3,
      5,
      1,
      4,
      -5,
      -1,
      -2,
      3,
      -5,
      1,
      2,
      0,
      -2,
      5,
      -1,
      5,
      -5,
      0,
      2,
      -1,
      -5,
      -3,
      0,
      -28,
      2,
      -1,
      2,
      -8,
      0,
      3,
      3,
      -5,
      0,
      6,
      5,
      6,
      1,
      0,
      7,
      6,
      -7,
      4,
      -4,
      0,
      4,
      21,
      -2,
      0,
      3,
      4,
      0,
      1,
      0,
      5,
      2,
      2,
      -8,
      1,
      3,
      -4,
      5,
      1,
      0,
      2,
      -1,
      -9,
      0,
      14,
      0,
      -2,
      -3,
      0,
      1,
      0,
      -3,
      0,
      0,
      4,
      0,
      -2,
      -2,
      -2,
      -6,
      2,
      -6,
      -1,
      6,
      4,
    ]),
  ])
# ---
# name: test_search
  list([
    tuple(
      "What is the pet's name?",
      list([
        'The name of the dog is Kevin',
      ]),
    ),
    tuple(
      'What color is the house?',
      list([
        'The house is blue',
      ]),
    ),
    tuple(
      'What day is it?',
      list([
        'It is Tuesday',
      ]),
    ),
  ])
# ---
