# serializer version: 1
# name: test_wiki_tool
  list([
  ])
# ---
